[2m2026-09-23T14:24:09.683096Z[0m [32m INFO[0m [2mtune_tracker[0m[2m:[0m Tune Tracker listening on http://0.0.0.0:3000
[2m2026-09-23T14:24:09.937934Z[0m [34mDEBUG[0m [2mtune_tracker::ws::team[0m[2m:[0m [3mcomponent[0m[2m=[0m"team_ws" [3maction[0m[2m=[0m"connected"
[2m2026-09-23T14:24:09.954389Z[0m [34mDEBUG[0m [2mtune_tracker::ws::team[0m[2m:[0m [3mcomponent[0m[2m=[0m"team_ws" [3maction[0m[2m=[0m"connected"
[2m2026-09-23T14:24:10.423634Z[0m [32m INFO[0m [2mtune_tracker::ws::host[0m[2m:[0m [3mcomponent[0m[2m=[0m"host_ws" [3maction[0m[2m=[0m"host_connected"
[2m2026-09-23T14:25:10.880076Z[0m [34mDEBUG[0m [2mtungstenite::protocol[0m[2m:[0m Received close frame: Some(CloseFrame { code: Away, reason: "" })
[2m2026-09-23T14:25:10.926316Z[0m [34mDEBUG[0m [2mtungstenite::protocol[0m[2m:[0m Replying to close with Frame { header: FrameHeader { is_final: true, rsv1: false, rsv2: false, rsv3: false, opcode: Control(Close), mask: None }, payload: [3, 233] }
[2m2026-09-23T14:25:10.927829Z[0m [34mDEBUG[0m [2mtune_tracker::ws::team[0m[2m:[0m [3maction[0m[2m=[0m"disconnected" [3mnote[0m[2m=[0m"no username set"
[2m2026-09-23T14:25:10.974456Z[0m [34mDEBUG[0m [2mtune_tracker::ws::team[0m[2m:[0m [3mcomponent[0m[2m=[0m"team_ws" [3maction[0m[2m=[0m"connected"
[2m2026-09-23T14:25:12.849866Z[0m [34mDEBUG[0m [2mtungstenite::protocol[0m[2m:[0m Received close frame: Some(CloseFrame { code: Away, reason: "" })
[2m2026-09-23T14:25:12.888438Z[0m [34mDEBUG[0m [2mtungstenite::protocol[0m[2m:[0m Replying to close with Frame { header: FrameHeader { is_final: true, rsv1: false, rsv2: false, rsv3: false, opcode: Control(Close), mask: None }, payload: [3, 233] }
[2m2026-09-23T14:25:12.889535Z[0m [34mDEBUG[0m [2mtune_tracker::ws::team[0m[2m:[0m [3maction[0m[2m=[0m"disconnected" [3mnote[0m[2m=[0m"no username set"
[2m2026-09-23T14:25:12.951463Z[0m [34mDEBUG[0m [2mtune_tracker::ws::team[0m[2m:[0m [3mcomponent[0m[2m=[0m"team_ws" [3maction[0m[2m=[0m"connected"
[2m2026-09-23T14:25:13.778719Z[0m [34mDEBUG[0m [2mtungstenite::protocol[0m[2m:[0m Received close frame: Some(CloseFrame { code: Away, reason: "" })
[2m2026-09-23T14:25:13.779615Z[0m [34mDEBUG[0m [2mtungstenite::protocol[0m[2m:[0m Replying to close with Frame { header: FrameHeader { is_final: true, rsv1: false, rsv2: false, rsv3: false, opcode: Control(Close), mask: None }, payload: [3, 233] }
[2m2026-09-23T14:25:13.780507Z[0m [32m INFO[0m [2mtune_tracker::ws::host[0m[2m:[0m [3mcomponent[0m[2m=[0m"host_ws" [3maction[0m[2m=[0m"host_disconnected"
[2m2026-09-23T14:25:13.826848Z[0m [32m INFO[0m [2mtune_tracker::ws::host[0m[2m:[0m [3mcomponent[0m[2m=[0m"host_ws" [3maction[0m[2m=[0m"host_connected"
[2m2026-09-23T14:25:19.205576Z[0m [34mDEBUG[0m [2mtune_tracker::ws::team[0m[2m:[0m [3maction[0m[2m=[0m"disconnected" [3mnote[0m[2m=[0m"no username set"
[2m2026-09-23T14:25:21.223822Z[0m [34mDEBUG[0m [2mtune_tracker::ws::team[0m[2m:[0m [3mcomponent[0m[2m=[0m"team_ws" [3maction[0m[2m=[0m"connected"
[2m2026-09-23T14:25:32.804426Z[0m [34mDEBUG[0m [2mtune_tracker::ws::team[0m[2m:[0m [3maction[0m[2m=[0m"disconnected" [3mnote[0m[2m=[0m"no username set"
[2m2026-09-23T14:25:35.473373Z[0m [34mDEBUG[0m [2mtune_tracker::ws::team[0m[2m:[0m [3mcomponent[0m[2m=[0m"team_ws" [3maction[0m[2m=[0m"connected"
[2m2026-09-23T14:25:35.884065Z[0m [32m INFO[0m [2mtune_tracker::state[0m[2m:[0m [3mteam[0m[2m=[0mKonsole [3maction[0m[2m=[0m"team_created"
[2m2026-09-23T14:25:35.888232Z[0m [32m INFO[0m [2mtune_tracker::state[0m[2m:[0m [3musername[0m[2m=[0mVinoth [3mteam[0m[2m=[0mKonsole [3maction[0m[2m=[0m"join" [3mtoken[0m[2m=[0m856a02a5-991d-4c78-a724-49df298e3a65
[2m2026-09-23T14:25:35.889234Z[0m [32m INFO[0m [2mtune_tracker::ws::team[0m[2m:[0m [3musername[0m[2m=[0mVinoth [3mteam[0m[2m=[0mKonsole [3maction[0m[2m=[0m"username_accepted"
[2m2026-09-23T14:25:38.184076Z[0m [33m WARN[0m [2mtune_tracker::state[0m[2m:[0m [3musername[0m[2m=[0mVinoth [3mteam[0m[2m=[0mKonsole [3maction[0m[2m=[0m"violation" [3mkind[0m[2m=[0mtab_switch [3mwarning_count[0m[2m=[0m1
[2m2026-09-23T14:25:52.732037Z[0m [32m INFO[0m [2mtune_tracker::state[0m[2m:[0m [3mteam[0m[2m=[0mCybermoon [3maction[0m[2m=[0m"team_created"
[2m2026-09-23T14:25:52.771905Z[0m [32m INFO[0m [2mtune_tracker::state[0m[2m:[0m [3musername[0m[2m=[0mGiridharan [3mteam[0m[2m=[0mCybermoon [3maction[0m[2m=[0m"join" [3mtoken[0m[2m=[0m06cf8eda-147d-483b-b8e6-c215906842e4
[2m2026-09-23T14:25:52.773117Z[0m [32m INFO[0m [2mtune_tracker::ws::team[0m[2m:[0m [3musername[0m[2m=[0mGiridharan [3mteam[0m[2m=[0mCybermoon [3maction[0m[2m=[0m"username_accepted"
[2m2026-09-23T14:25:54.098472Z[0m [33m WARN[0m [2mtune_tracker::state[0m[2m:[0m [3musername[0m[2m=[0mGiridharan [3mteam[0m[2m=[0mCybermoon [3maction[0m[2m=[0m"violation" [3mkind[0m[2m=[0mtab_switch [3mwarning_count[0m[2m=[0m1
[2m2026-09-23T14:25:54.477126Z[0m [33m WARN[0m [2mtune_tracker::state[0m[2m:[0m [3musername[0m[2m=[0mVinoth [3mteam[0m[2m=[0mKonsole [3maction[0m[2m=[0m"violation" [3mkind[0m[2m=[0mtab_switch [3mwarning_count[0m[2m=[0m2
[2m2026-09-23T14:25:55.379662Z[0m [33m WARN[0m [2mtune_tracker::state[0m[2m:[0m [3musername[0m[2m=[0mGiridharan [3mteam[0m[2m=[0mCybermoon [3maction[0m[2m=[0m"violation" [3mkind[0m[2m=[0mtab_switch [3mwarning_count[0m[2m=[0m2
[2m2026-09-23T14:25:58.070359Z[0m [33m WARN[0m [2mtune_tracker::state[0m[2m:[0m [3musername[0m[2m=[0mVinoth [3mteam[0m[2m=[0mKonsole [3maction[0m[2m=[0m"violation" [3mkind[0m[2m=[0mtab_switch [3mwarning_count[0m[2m=[0m3
[2m2026-09-23T14:25:58.483394Z[0m [33m WARN[0m [2mtune_tracker::state[0m[2m:[0m [3musername[0m[2m=[0mGiridharan [3mteam[0m[2m=[0mCybermoon [3maction[0m[2m=[0m"violation" [3mkind[0m[2m=[0mtab_switch [3mwarning_count[0m[2m=[0m3
[2m2026-09-23T14:26:00.299702Z[0m [32m INFO[0m [2mtune_tracker::ws::host[0m[2m:[0m [3maction[0m[2m=[0m"round_start"
[2m2026-09-23T14:26:01.488237Z[0m [33m WARN[0m [2mtune_tracker::state[0m[2m:[0m [3musername[0m[2m=[0mGiridharan [3mteam[0m[2m=[0mCybermoon [3maction[0m[2m=[0m"violation" [3mkind[0m[2m=[0mtab_switch [3mwarning_count[0m[2m=[0m4
[2m2026-09-23T14:26:03.150987Z[0m [32m INFO[0m [2mtune_tracker::ws::team[0m[2m:[0m [3musername[0m[2m=[0mVinoth [3maction[0m[2m=[0m"buzz_received"
[2m2026-09-23T14:26:03.189874Z[0m [32m INFO[0m [2mtune_tracker::state[0m[2m:[0m [3musername[0m[2m=[0mVinoth [3mteam[0m[2m=[0mKonsole [3maction[0m[2m=[0m"buzz" [3mposition[0m[2m=[0m1 [3mreaction_ms[0m[2m=[0mSome(2887)
[2m2026-09-23T14:26:03.725774Z[0m [33m WARN[0m [2mtune_tracker::state[0m[2m:[0m [3musername[0m[2m=[0mVinoth [3mteam[0m[2m=[0mKonsole [3maction[0m[2m=[0m"violation" [3mkind[0m[2m=[0mtab_switch [3mwarning_count[0m[2m=[0m4
[2m2026-09-23T14:26:04.090663Z[0m [33m WARN[0m [2mtune_tracker::state[0m[2m:[0m [3musername[0m[2m=[0mGiridharan [3mteam[0m[2m=[0mCybermoon [3maction[0m[2m=[0m"violation" [3mkind[0m[2m=[0mtab_switch [3mwarning_count[0m[2m=[0m5
[2m2026-09-23T14:26:05.516779Z[0m [32m INFO[0m [2mtune_tracker::ws::host[0m[2m:[0m [3maction[0m[2m=[0m"round_lock"
[2m2026-09-23T14:26:06.909830Z[0m [33m WARN[0m [2mtune_tracker::state[0m[2m:[0m [3musername[0m[2m=[0mGiridharan [3mteam[0m[2m=[0mCybermoon [3maction[0m[2m=[0m"violation" [3mkind[0m[2m=[0mtab_switch [3mwarning_count[0m[2m=[0m6
[2m2026-09-23T14:26:07.945866Z[0m [33m WARN[0m [2mtune_tracker::state[0m[2m:[0m [3musername[0m[2m=[0mVinoth [3mteam[0m[2m=[0mKonsole [3maction[0m[2m=[0m"violation" [3mkind[0m[2m=[0mtab_switch [3mwarning_count[0m[2m=[0m5
[2m2026-09-23T14:26:09.001165Z[0m [33m WARN[0m [2mtune_tracker::state[0m[2m:[0m [3musername[0m[2m=[0mGiridharan [3mteam[0m[2m=[0mCybermoon [3maction[0m[2m=[0m"violation" [3mkind[0m[2m=[0mtab_switch [3mwarning_count[0m[2m=[0m7
[2m2026-09-23T14:26:10.623201Z[0m [32m INFO[0m [2mtune_tracker::ws::host[0m[2m:[0m [3maction[0m[2m=[0m"round_start"
[2m2026-09-23T14:26:11.976071Z[0m [33m WARN[0m [2mtune_tracker::state[0m[2m:[0m [3musername[0m[2m=[0mGiridharan [3mteam[0m[2m=[0mCybermoon [3maction[0m[2m=[0m"violation" [3mkind[0m[2m=[0mtab_switch [3mwarning_count[0m[2m=[0m8
[2m2026-09-23T14:26:12.776667Z[0m [33m WARN[0m [2mtune_tracker::state[0m[2m:[0m [3musername[0m[2m=[0mVinoth [3mteam[0m[2m=[0mKonsole [3maction[0m[2m=[0m"violation" [3mkind[0m[2m=[0mtab_switch [3mwarning_count[0m[2m=[0m6
[2m2026-09-23T14:26:13.616714Z[0m [33m WARN[0m [2mtune_tracker::state[0m[2m:[0m [3musername[0m[2m=[0mGiridharan [3mteam[0m[2m=[0mCybermoon [3maction[0m[2m=[0m"violation" [3mkind[0m[2m=[0mtab_switch [3mwarning_count[0m[2m=[0m9
[2m2026-09-23T14:26:44.076504Z[0m [33m WARN[0m [2mtune_tracker::state[0m[2m:[0m [3musername[0m[2m=[0mVinoth [3mteam[0m[2m=[0mKonsole [3maction[0m[2m=[0m"violation" [3mkind[0m[2m=[0mtab_switch [3mwarning_count[0m[2m=[0m7
[2m2026-09-23T14:26:46.907304Z[0m [33m WARN[0m [2mtune_tracker::state[0m[2m:[0m [3musername[0m[2m=[0mGiridharan [3mteam[0m[2m=[0mCybermoon [3maction[0m[2m=[0m"violation" [3mkind[0m[2m=[0mtab_switch [3mwarning_count[0m[2m=[0m10
[2m2026-09-23T14:26:49.114000Z[0m [32m INFO[0m [2mtune_tracker::ws::host[0m[2m:[0m [3maction[0m[2m=[0m"round_lock"
[2m2026-09-23T14:26:50.362882Z[0m [33m WARN[0m [2mtune_tracker::state[0m[2m:[0m [3musername[0m[2m=[0mGiridharan [3mteam[0m[2m=[0mCybermoon [3maction[0m[2m=[0m"violation" [3mkind[0m[2m=[0mtab_switch [3mwarning_count[0m[2m=[0m11
[2m2026-09-23T14:26:50.917101Z[0m [33m WARN[0m [2mtune_tracker::state[0m[2m:[0m [3musername[0m[2m=[0mVinoth [3mteam[0m[2m=[0mKonsole [3maction[0m[2m=[0m"violation" [3mkind[0m[2m=[0mtab_switch [3mwarning_count[0m[2m=[0m8
[2m2026-09-23T14:26:51.340840Z[0m [33m WARN[0m [2mtune_tracker::state[0m[2m:[0m [3musername[0m[2m=[0mGiridharan [3mteam[0m[2m=[0mCybermoon [3maction[0m[2m=[0m"violation" [3mkind[0m[2m=[0mtab_switch [3mwarning_count[0m[2m=[0m12
[2m2026-09-23T14:26:52.434765Z[0m [32m INFO[0m [2mtune_tracker::ws::host[0m[2m:[0m [3maction[0m[2m=[0m"round_start"
[2m2026-09-23T14:26:53.353577Z[0m [33m WARN[0m [2mtune_tracker::state[0m[2m:[0m [3musername[0m[2m=[0mGiridharan [3mteam[0m[2m=[0mCybermoon [3maction[0m[2m=[0m"violation" [3mkind[0m[2m=[0mtab_switch [3mwarning_count[0m[2m=[0m13
[2m2026-09-23T14:26:54.037366Z[0m [33m WARN[0m [2mtune_tracker::state[0m[2m:[0m [3musername[0m[2m=[0mVinoth [3mteam[0m[2m=[0mKonsole [3maction[0m[2m=[0m"violation" [3mkind[0m[2m=[0mtab_switch [3mwarning_count[0m[2m=[0m9
[2m2026-09-23T14:26:54.851664Z[0m [33m WARN[0m [2mtune_tracker::state[0m[2m:[0m [3musername[0m[2m=[0mGiridharan [3mteam[0m[2m=[0mCybermoon [3maction[0m[2m=[0m"violation" [3mkind[0m[2m=[0mtab_switch [3mwarning_count[0m[2m=[0m14
[2m2026-09-23T14:26:55.333734Z[0m [33m WARN[0m [2mtune_tracker::state[0m[2m:[0m [3musername[0m[2m=[0mVinoth [3mteam[0m[2m=[0mKonsole [3maction[0m[2m=[0m"violation" [3mkind[0m[2m=[0mtab_switch [3mwarning_count[0m[2m=[0m10
[2m2026-09-23T14:26:55.617012Z[0m [33m WARN[0m [2mtune_tracker::state[0m[2m:[0m [3musername[0m[2m=[0mGiridharan [3mteam[0m[2m=[0mCybermoon [3maction[0m[2m=[0m"violation" [3mkind[0m[2m=[0mtab_switch [3mwarning_count[0m[2m=[0m15
[2m2026-09-23T14:26:58.779075Z[0m [32m INFO[0m [2mtune_tracker::ws::host[0m[2m:[0m [3maction[0m[2m=[0m"round_reset"
[2m2026-09-23T14:26:58.782151Z[0m [32m INFO[0m [2mtune_tracker::state[0m[2m:[0m [3maction[0m[2m=[0m"buzzer_reset"
[2m2026-09-23T14:42:19.123227Z[0m [33m WARN[0m [2mtune_tracker::state[0m[2m:[0m [3musername[0m[2m=[0mGiridharan [3mteam[0m[2m=[0mCybermoon [3maction[0m[2m=[0m"violation" [3mkind[0m[2m=[0mtab_switch [3mwarning_count[0m[2m=[0m16
[2m2026-09-23T15:33:53.853924Z[0m [33m WARN[0m [2mtune_tracker::state[0m[2m:[0m [3musername[0m[2m=[0mGiridharan [3mteam[0m[2m=[0mCybermoon [3maction[0m[2m=[0m"violation" [3mkind[0m[2m=[0mtab_switch [3mwarning_count[0m[2m=[0m17
[2m2026-09-23T15:33:54.196490Z[0m [33m WARN[0m [2mtune_tracker::state[0m[2m:[0m [3musername[0m[2m=[0mVinoth [3mteam[0m[2m=[0mKonsole [3maction[0m[2m=[0m"violation" [3mkind[0m[2m=[0mtab_switch [3mwarning_count[0m[2m=[0m11
[2m2026-09-23T15:39:44.344648Z[0m [33m WARN[0m [2mtune_tracker::state[0m[2m:[0m [3musername[0m[2m=[0mGiridharan [3mteam[0m[2m=[0mCybermoon [3maction[0m[2m=[0m"violation" [3mkind[0m[2m=[0mtab_switch [3mwarning_count[0m[2m=[0m18
[2m2026-09-23T15:39:45.061472Z[0m [33m WARN[0m [2mtune_tracker::state[0m[2m:[0m [3musername[0m[2m=[0mVinoth [3mteam[0m[2m=[0mKonsole [3maction[0m[2m=[0m"violation" [3mkind[0m[2m=[0mtab_switch [3mwarning_count[0m[2m=[0m12
